// Jest Snapshot v1, https://goo.gl/fbAQLP

exports[`Pruebas en el Entry Component debe hacer match con el snapshot 1`] = `
<div>
  <div class="entry-container mb-3 pointer p-2">
    <!-- titulo-->
    <div class="entry-title d-flex"><span class="text-success fs-5 fw-bold">17</span><span class="mx-1 fs-5">Noviembre</span><span class="mx-2 fw-light">2022, Jueves</span></div>
    <div class="entry-description">Mediante el siguiente POST se realizara la carga de im√°genes desde el FRONT al BACK en el servicio de Cloudinary.</div>
  </div>
</div>
`;
